
============================================================
  iStudySpot UI自动化联调测试
  基于UI元素控制 (uiautomator dump + XML解析)
============================================================

============================================================
  PREP: 环境检查
============================================================
  [INFO] 环境检查通过

============================================================
  TEST 1: 应用启动与首页
============================================================
python : f:\Scylier-Project\active\school\iStudySpot\ui_test.py:155: Deprecatio
nWarning: Testing an element's truth value will raise an exception in future ve
rsions.  Use specific 'len(elem)' or 'elem is not None' test instead.
所在位置 行:1 字符: 1
+ python f:\Scylier-Project\active\school\iStudySpot\ui_test.py > f:\Sc ...
+ ~~~~~~~~~~~~~~~~~~~~~~~~~~~~~~~~~~~~~~~~~~~~~~~~~~~~~~~~~~~~~~~~~~~~~
    + CategoryInfo          : NotSpecified: (f:\Scylier-Proj...' test instead. 
   :String) [], RemoteException
    + FullyQualifiedErrorId : NativeCommandError
 
  if root:
f:\Scylier-Project\active\school\iStudySpot\ui_test.py:157: DeprecationWarning:
 Testing an element's truth value will raise an exception in future versions.  
Use specific 'len(elem)' or 'elem is not None' test instead.
  if node:
  [FAIL] 应用启动-首页加载 - 首页未加载
  [FAIL] 底部导航-首页
  [FAIL] 底部导航-规则
  [FAIL] 底部导航-更多
  [FAIL] 底部导航-我的

============================================================
  TEST 2: 自习室列表
============================================================
  [INFO] 点击'预约座位'
  [FAIL] 自习室列表加载 - 列表未加载

============================================================
  TEST 3: 座位地图
============================================================
  [INFO] 点击自习室卡片 (540,874)
  [FAIL] 座位地图加载 - 座位地图未加载

============================================================
  TEST 4: 登录/注册
============================================================
Traceback (most recent call last):
  File "f:\Scylier-Project\active\school\iStudySpot\ui_test.py", line 836, in <
module>
    sys.exit(main())
             ^^^^^^
  File "f:\Scylier-Project\active\school\iStudySpot\ui_test.py", line 815, in m
ain
    test_04_login()
  File "f:\Scylier-Project\active\school\iStudySpot\ui_test.py", line 373, in t
est_04_login
    go_back_until(text="预约座位", partial=True, max_attempts=3)
TypeError: go_back_until() got an unexpected keyword argument 'partial'
